DEBUG - 2025-10-20 17:03:29 --> Login form posted: Array
(
    [csrf_test_name] => 666614f0cdb136c86b5446196978f76b
    [username] => admin@example.com
    [password] => 1234
    [role] => admin
)

DEBUG - 2025-10-20 17:03:31 --> Employee fetched for email admin@example.com: Array
(
    [employee_id] => 2
    [name] => Admin User
    [mobile_no] => 0000000000
    [email] => admin@example.com
    [gender] => male
    [dob] => 1990-01-01
    [address] => Admin Address
    [regdate] => 2025-10-17 22:53:47
    [is_admin] => 1
    [is_doctor] => 0
    [is_staff] => 0
    [is_receptionist] => 0
    [password] => 1234
)

DEBUG - 2025-10-20 17:03:31 --> Session: Class initialized using 'CodeIgniter\Session\Handlers\FileHandler' driver.
DEBUG - 2025-10-20 17:03:33 --> Session: Class initialized using 'CodeIgniter\Session\Handlers\FileHandler' driver.
DEBUG - 2025-10-20 17:03:40 --> Session: Class initialized using 'CodeIgniter\Session\Handlers\FileHandler' driver.
DEBUG - 2025-10-20 17:03:41 --> Session: Class initialized using 'CodeIgniter\Session\Handlers\FileHandler' driver.
DEBUG - 2025-10-20 17:03:43 --> Session: Class initialized using 'CodeIgniter\Session\Handlers\FileHandler' driver.
DEBUG - 2025-10-20 17:03:44 --> Session: Class initialized using 'CodeIgniter\Session\Handlers\FileHandler' driver.
DEBUG - 2025-10-20 17:03:45 --> Session: Class initialized using 'CodeIgniter\Session\Handlers\FileHandler' driver.
DEBUG - 2025-10-20 17:03:47 --> Session: Class initialized using 'CodeIgniter\Session\Handlers\FileHandler' driver.
DEBUG - 2025-10-20 17:07:52 --> Session: Class initialized using 'CodeIgniter\Session\Handlers\FileHandler' driver.
DEBUG - 2025-10-20 17:11:37 --> Session: Class initialized using 'CodeIgniter\Session\Handlers\FileHandler' driver.
