DEBUG - 2025-10-18 10:19:43 --> Login form posted: Array
(
    [csrf_test_name] => ba996feb20d13b1c8b2516eee34e22fd
    [username] => admin@example.com
    [password] => 1234
    [role] => admin
)

DEBUG - 2025-10-18 10:19:44 --> Employee fetched for email admin@example.com: Array
(
    [employee_id] => 2
    [name] => Admin User
    [mobile_no] => 0000000000
    [email] => admin@example.com
    [gender] => male
    [dob] => 1990-01-01
    [address] => Admin Address
    [regdate] => 2025-10-17 22:53:47
    [is_admin] => 1
    [is_doctor] => 0
    [is_staff] => 0
    [is_receptionist] => 0
    [password] => 1234
)

DEBUG - 2025-10-18 10:25:57 --> Login form posted: Array
(
    [csrf_test_name] => ba996feb20d13b1c8b2516eee34e22fd
    [username] => admin@example.com
    [password] => 1234
    [role] => admin
)

DEBUG - 2025-10-18 10:25:57 --> Employee fetched for email admin@example.com: Array
(
    [employee_id] => 2
    [name] => Admin User
    [mobile_no] => 0000000000
    [email] => admin@example.com
    [gender] => male
    [dob] => 1990-01-01
    [address] => Admin Address
    [regdate] => 2025-10-17 22:53:47
    [is_admin] => 1
    [is_doctor] => 0
    [is_staff] => 0
    [is_receptionist] => 0
    [password] => 1234
)

DEBUG - 2025-10-18 10:25:57 --> Session: Class initialized using 'CodeIgniter\Session\Handlers\FileHandler' driver.
DEBUG - 2025-10-18 10:25:59 --> Session: Class initialized using 'CodeIgniter\Session\Handlers\FileHandler' driver.
DEBUG - 2025-10-18 10:51:01 --> Login form posted: Array
(
    [csrf_test_name] => ba996feb20d13b1c8b2516eee34e22fd
    [username] => admin@example.com
    [password] => 1234
    [role] => admin
)

DEBUG - 2025-10-18 10:51:01 --> Employee fetched for email admin@example.com: Array
(
    [employee_id] => 2
    [name] => Admin User
    [mobile_no] => 0000000000
    [email] => admin@example.com
    [gender] => male
    [dob] => 1990-01-01
    [address] => Admin Address
    [regdate] => 2025-10-17 22:53:47
    [is_admin] => 1
    [is_doctor] => 0
    [is_staff] => 0
    [is_receptionist] => 0
    [password] => 1234
)

DEBUG - 2025-10-18 10:51:01 --> Session: Class initialized using 'CodeIgniter\Session\Handlers\FileHandler' driver.
DEBUG - 2025-10-18 11:02:46 --> Login form posted: Array
(
    [csrf_test_name] => ba996feb20d13b1c8b2516eee34e22fd
    [username] => admin@example.com
    [password] => 1234
    [role] => admin
)

DEBUG - 2025-10-18 11:02:46 --> Employee fetched for email admin@example.com: Array
(
    [employee_id] => 2
    [name] => Admin User
    [mobile_no] => 0000000000
    [email] => admin@example.com
    [gender] => male
    [dob] => 1990-01-01
    [address] => Admin Address
    [regdate] => 2025-10-17 22:53:47
    [is_admin] => 1
    [is_doctor] => 0
    [is_staff] => 0
    [is_receptionist] => 0
    [password] => 1234
)

DEBUG - 2025-10-18 11:02:46 --> Session: Class initialized using 'CodeIgniter\Session\Handlers\FileHandler' driver.
DEBUG - 2025-10-18 11:03:56 --> Login form posted: Array
(
    [csrf_test_name] => ba996feb20d13b1c8b2516eee34e22fd
    [username] => admin@example.com
    [password] => 1234
    [role] => admin
)

DEBUG - 2025-10-18 11:03:56 --> Employee fetched for email admin@example.com: Array
(
    [employee_id] => 2
    [name] => Admin User
    [mobile_no] => 0000000000
    [email] => admin@example.com
    [gender] => male
    [dob] => 1990-01-01
    [address] => Admin Address
    [regdate] => 2025-10-17 22:53:47
    [is_admin] => 1
    [is_doctor] => 0
    [is_staff] => 0
    [is_receptionist] => 0
    [password] => 1234
)

DEBUG - 2025-10-18 11:03:56 --> Session: Class initialized using 'CodeIgniter\Session\Handlers\FileHandler' driver.
DEBUG - 2025-10-18 11:06:00 --> Session: Class initialized using 'CodeIgniter\Session\Handlers\FileHandler' driver.
DEBUG - 2025-10-18 12:27:32 --> Session: Class initialized using 'CodeIgniter\Session\Handlers\FileHandler' driver.
ERROR - 2025-10-18 12:27:37 --> Error connecting to the database: mysqli_sql_exception: No connection could be made because the target machine actively refused it in C:\xampp\htdocs\DentAssist\system\Database\MySQLi\Connection.php:201
Stack trace:
#0 C:\xampp\htdocs\DentAssist\system\Database\MySQLi\Connection.php(201): mysqli->real_connect('localhost', 'root', Object(SensitiveParameterValue), 'dentassist_db', 3307, '', 0)
#1 C:\xampp\htdocs\DentAssist\system\Database\BaseConnection.php(419): CodeIgniter\Database\MySQLi\Connection->connect(false)
#2 C:\xampp\htdocs\DentAssist\system\Database\BaseConnection.php(614): CodeIgniter\Database\BaseConnection->initialize()
#3 C:\xampp\htdocs\DentAssist\system\Database\BaseBuilder.php(1649): CodeIgniter\Database\BaseConnection->query('SELECT `employe...', Array, false)
#4 C:\xampp\htdocs\DentAssist\app\Controllers\AdminDashboard.php(24): CodeIgniter\Database\BaseBuilder->get()
#5 C:\xampp\htdocs\DentAssist\system\CodeIgniter.php(933): App\Controllers\AdminDashboard->index()
#6 C:\xampp\htdocs\DentAssist\system\CodeIgniter.php(507): CodeIgniter\CodeIgniter->runController(Object(App\Controllers\AdminDashboard))
#7 C:\xampp\htdocs\DentAssist\system\CodeIgniter.php(354): CodeIgniter\CodeIgniter->handleRequest(NULL, Object(Config\Cache), false)
#8 C:\xampp\htdocs\DentAssist\system\Boot.php(363): CodeIgniter\CodeIgniter->run()
#9 C:\xampp\htdocs\DentAssist\system\Boot.php(68): CodeIgniter\Boot::runCodeIgniter(Object(CodeIgniter\CodeIgniter))
#10 C:\xampp\htdocs\DentAssist\public\index.php(59): CodeIgniter\Boot::bootWeb(Object(Config\Paths))
#11 C:\xampp\htdocs\DentAssist\system\rewrite.php(44): require_once('C:\\xampp\\htdocs...')
#12 {main}

Next CodeIgniter\Database\Exceptions\DatabaseException: No connection could be made because the target machine actively refused it in C:\xampp\htdocs\DentAssist\system\Database\MySQLi\Connection.php:246
Stack trace:
#0 C:\xampp\htdocs\DentAssist\system\Database\BaseConnection.php(419): CodeIgniter\Database\MySQLi\Connection->connect(false)
#1 C:\xampp\htdocs\DentAssist\system\Database\BaseConnection.php(614): CodeIgniter\Database\BaseConnection->initialize()
#2 C:\xampp\htdocs\DentAssist\system\Database\BaseBuilder.php(1649): CodeIgniter\Database\BaseConnection->query('SELECT `employe...', Array, false)
#3 C:\xampp\htdocs\DentAssist\app\Controllers\AdminDashboard.php(24): CodeIgniter\Database\BaseBuilder->get()
#4 C:\xampp\htdocs\DentAssist\system\CodeIgniter.php(933): App\Controllers\AdminDashboard->index()
#5 C:\xampp\htdocs\DentAssist\system\CodeIgniter.php(507): CodeIgniter\CodeIgniter->runController(Object(App\Controllers\AdminDashboard))
#6 C:\xampp\htdocs\DentAssist\system\CodeIgniter.php(354): CodeIgniter\CodeIgniter->handleRequest(NULL, Object(Config\Cache), false)
#7 C:\xampp\htdocs\DentAssist\system\Boot.php(363): CodeIgniter\CodeIgniter->run()
#8 C:\xampp\htdocs\DentAssist\system\Boot.php(68): CodeIgniter\Boot::runCodeIgniter(Object(CodeIgniter\CodeIgniter))
#9 C:\xampp\htdocs\DentAssist\public\index.php(59): CodeIgniter\Boot::bootWeb(Object(Config\Paths))
#10 C:\xampp\htdocs\DentAssist\system\rewrite.php(44): require_once('C:\\xampp\\htdocs...')
#11 {main}
DEBUG - 2025-10-18 12:35:00 --> Session: Class initialized using 'CodeIgniter\Session\Handlers\FileHandler' driver.
ERROR - 2025-10-18 12:35:04 --> Error connecting to the database: mysqli_sql_exception: No connection could be made because the target machine actively refused it in C:\xampp\htdocs\DentAssist\system\Database\MySQLi\Connection.php:201
Stack trace:
#0 C:\xampp\htdocs\DentAssist\system\Database\MySQLi\Connection.php(201): mysqli->real_connect('localhost', 'root', Object(SensitiveParameterValue), 'dentassist_db', 3307, '', 0)
#1 C:\xampp\htdocs\DentAssist\system\Database\BaseConnection.php(419): CodeIgniter\Database\MySQLi\Connection->connect(false)
#2 C:\xampp\htdocs\DentAssist\system\Database\BaseConnection.php(614): CodeIgniter\Database\BaseConnection->initialize()
#3 C:\xampp\htdocs\DentAssist\system\Database\BaseBuilder.php(1649): CodeIgniter\Database\BaseConnection->query('SELECT `employe...', Array, false)
#4 C:\xampp\htdocs\DentAssist\app\Controllers\AdminDashboard.php(24): CodeIgniter\Database\BaseBuilder->get()
#5 C:\xampp\htdocs\DentAssist\system\CodeIgniter.php(933): App\Controllers\AdminDashboard->index()
#6 C:\xampp\htdocs\DentAssist\system\CodeIgniter.php(507): CodeIgniter\CodeIgniter->runController(Object(App\Controllers\AdminDashboard))
#7 C:\xampp\htdocs\DentAssist\system\CodeIgniter.php(354): CodeIgniter\CodeIgniter->handleRequest(NULL, Object(Config\Cache), false)
#8 C:\xampp\htdocs\DentAssist\system\Boot.php(363): CodeIgniter\CodeIgniter->run()
#9 C:\xampp\htdocs\DentAssist\system\Boot.php(68): CodeIgniter\Boot::runCodeIgniter(Object(CodeIgniter\CodeIgniter))
#10 C:\xampp\htdocs\DentAssist\public\index.php(59): CodeIgniter\Boot::bootWeb(Object(Config\Paths))
#11 C:\xampp\htdocs\DentAssist\system\rewrite.php(44): require_once('C:\\xampp\\htdocs...')
#12 {main}

Next CodeIgniter\Database\Exceptions\DatabaseException: No connection could be made because the target machine actively refused it in C:\xampp\htdocs\DentAssist\system\Database\MySQLi\Connection.php:246
Stack trace:
#0 C:\xampp\htdocs\DentAssist\system\Database\BaseConnection.php(419): CodeIgniter\Database\MySQLi\Connection->connect(false)
#1 C:\xampp\htdocs\DentAssist\system\Database\BaseConnection.php(614): CodeIgniter\Database\BaseConnection->initialize()
#2 C:\xampp\htdocs\DentAssist\system\Database\BaseBuilder.php(1649): CodeIgniter\Database\BaseConnection->query('SELECT `employe...', Array, false)
#3 C:\xampp\htdocs\DentAssist\app\Controllers\AdminDashboard.php(24): CodeIgniter\Database\BaseBuilder->get()
#4 C:\xampp\htdocs\DentAssist\system\CodeIgniter.php(933): App\Controllers\AdminDashboard->index()
#5 C:\xampp\htdocs\DentAssist\system\CodeIgniter.php(507): CodeIgniter\CodeIgniter->runController(Object(App\Controllers\AdminDashboard))
#6 C:\xampp\htdocs\DentAssist\system\CodeIgniter.php(354): CodeIgniter\CodeIgniter->handleRequest(NULL, Object(Config\Cache), false)
#7 C:\xampp\htdocs\DentAssist\system\Boot.php(363): CodeIgniter\CodeIgniter->run()
#8 C:\xampp\htdocs\DentAssist\system\Boot.php(68): CodeIgniter\Boot::runCodeIgniter(Object(CodeIgniter\CodeIgniter))
#9 C:\xampp\htdocs\DentAssist\public\index.php(59): CodeIgniter\Boot::bootWeb(Object(Config\Paths))
#10 C:\xampp\htdocs\DentAssist\system\rewrite.php(44): require_once('C:\\xampp\\htdocs...')
#11 {main}
DEBUG - 2025-10-18 12:35:55 --> Session: Class initialized using 'CodeIgniter\Session\Handlers\FileHandler' driver.
DEBUG - 2025-10-18 12:50:34 --> Session: Class initialized using 'CodeIgniter\Session\Handlers\FileHandler' driver.
DEBUG - 2025-10-18 12:56:02 --> Session: Class initialized using 'CodeIgniter\Session\Handlers\FileHandler' driver.
DEBUG - 2025-10-18 16:27:31 --> Session: Class initialized using 'CodeIgniter\Session\Handlers\FileHandler' driver.
DEBUG - 2025-10-18 16:27:50 --> Login form posted: Array
(
    [csrf_test_name] => c15915759245b4a2e80bc104c3aecc98
    [username] => admin@example.com
    [password] => 1234
    [role] => admin
)

DEBUG - 2025-10-18 16:27:51 --> Employee fetched for email admin@example.com: Array
(
    [employee_id] => 2
    [name] => Admin User
    [mobile_no] => 0000000000
    [email] => admin@example.com
    [gender] => male
    [dob] => 1990-01-01
    [address] => Admin Address
    [regdate] => 2025-10-17 22:53:47
    [is_admin] => 1
    [is_doctor] => 0
    [is_staff] => 0
    [is_receptionist] => 0
    [password] => 1234
)

DEBUG - 2025-10-18 16:27:51 --> Session: Class initialized using 'CodeIgniter\Session\Handlers\FileHandler' driver.
DEBUG - 2025-10-18 16:27:53 --> Session: Class initialized using 'CodeIgniter\Session\Handlers\FileHandler' driver.
DEBUG - 2025-10-18 16:41:13 --> Session: Class initialized using 'CodeIgniter\Session\Handlers\FileHandler' driver.
DEBUG - 2025-10-18 17:03:42 --> Session: Class initialized using 'CodeIgniter\Session\Handlers\FileHandler' driver.
DEBUG - 2025-10-18 18:11:24 --> Session: Class initialized using 'CodeIgniter\Session\Handlers\FileHandler' driver.
DEBUG - 2025-10-18 18:12:36 --> Session: Class initialized using 'CodeIgniter\Session\Handlers\FileHandler' driver.
DEBUG - 2025-10-18 18:32:38 --> Session: Class initialized using 'CodeIgniter\Session\Handlers\FileHandler' driver.
DEBUG - 2025-10-18 18:32:50 --> Session: Class initialized using 'CodeIgniter\Session\Handlers\FileHandler' driver.
INFO - 2025-10-18 18:32:50 --> PatientController::add called via HTTP method: POST
DEBUG - 2025-10-18 18:33:34 --> Session: Class initialized using 'CodeIgniter\Session\Handlers\FileHandler' driver.
DEBUG - 2025-10-18 18:33:40 --> Session: Class initialized using 'CodeIgniter\Session\Handlers\FileHandler' driver.
INFO - 2025-10-18 18:33:40 --> PatientController::add called via HTTP method: POST
DEBUG - 2025-10-18 19:02:00 --> Session: Class initialized using 'CodeIgniter\Session\Handlers\FileHandler' driver.
DEBUG - 2025-10-18 19:02:10 --> Session: Class initialized using 'CodeIgniter\Session\Handlers\FileHandler' driver.
INFO - 2025-10-18 19:02:10 --> PatientController::add called via HTTP method: POST
DEBUG - 2025-10-18 19:02:10 --> Patient data received: {"name":null,"mobile_no":null,"email":null,"gender":null,"dob":null,"address":null,"occupation":null,"regdate":null,"guardianname":null,"guardianphonenumber":null,"doctorName":null,"cnic":null,"bloodGroup":null,"insurance":null}
DEBUG - 2025-10-18 19:11:28 --> Session: Class initialized using 'CodeIgniter\Session\Handlers\FileHandler' driver.
DEBUG - 2025-10-18 19:14:51 --> Session: Class initialized using 'CodeIgniter\Session\Handlers\FileHandler' driver.
INFO - 2025-10-18 19:14:51 --> PatientController::add called via HTTP method: POST
DEBUG - 2025-10-18 19:14:51 --> Patient data received: {"name":"ayesha tayyab Azeemi","email":"ayeshatayyab027@gmail.com","mobile_no":"03361213999","gender":"female","dob":"","cnic":"","bloodGroup":"","occupation":"","address":"Fb area karachi","regdate":"","guardianname":"","guardianphonenumber":"","doctorName":"","insurance":""}
DEBUG - 2025-10-18 19:15:06 --> Session: Class initialized using 'CodeIgniter\Session\Handlers\FileHandler' driver.
INFO - 2025-10-18 19:15:06 --> PatientController::add called via HTTP method: POST
DEBUG - 2025-10-18 19:15:06 --> Patient data received: {"name":"ayesha tayyab Azeemi","email":"ayeshatayyab027@gmail.com","mobile_no":"03361213999","gender":"female","dob":"","cnic":"","bloodGroup":"","occupation":"","address":"Fb area karachi","regdate":"","guardianname":"","guardianphonenumber":"","doctorName":"","insurance":""}
