DEBUG - 2025-10-16 10:23:52 --> Session: Class initialized using 'CodeIgniter\Session\Handlers\FileHandler' driver.
DEBUG - 2025-10-16 10:23:54 --> Session: Class initialized using 'CodeIgniter\Session\Handlers\FileHandler' driver.
CRITICAL - 2025-10-16 10:23:54 --> Error: Class "App\Controllers\Database" not found
[Method: GET, Route: adminDashboard]
in APPPATH\Controllers\AdminDashboard.php on line 19.
 1 SYSTEMPATH\CodeIgniter.php(933): App\Controllers\AdminDashboard->index()
 2 SYSTEMPATH\CodeIgniter.php(507): CodeIgniter\CodeIgniter->runController(Object(App\Controllers\AdminDashboard))
 3 SYSTEMPATH\CodeIgniter.php(354): CodeIgniter\CodeIgniter->handleRequest(null, Object(Config\Cache), false)
 4 SYSTEMPATH\Boot.php(363): CodeIgniter\CodeIgniter->run()
 5 SYSTEMPATH\Boot.php(68): CodeIgniter\Boot::runCodeIgniter(Object(CodeIgniter\CodeIgniter))
 6 FCPATH\index.php(59): CodeIgniter\Boot::bootWeb(Object(Config\Paths))
 7 SYSTEMPATH\rewrite.php(44): require_once('C:\\xampp\\htdocs\\DentAssist\\public\\index.php')
DEBUG - 2025-10-16 10:32:06 --> Session: Class initialized using 'CodeIgniter\Session\Handlers\FileHandler' driver.
ERROR - 2025-10-16 10:32:07 --> Error connecting to the database: mysqli_sql_exception: Access denied for user 'root'@'localhost' (using password: YES) in C:\xampp\htdocs\DentAssist\system\Database\MySQLi\Connection.php:201
Stack trace:
#0 C:\xampp\htdocs\DentAssist\system\Database\MySQLi\Connection.php(201): mysqli->real_connect('localhost', 'root', Object(SensitiveParameterValue), 'dentassist_db', 3307, '', 0)
#1 C:\xampp\htdocs\DentAssist\system\Database\BaseConnection.php(419): CodeIgniter\Database\MySQLi\Connection->connect(false)
#2 C:\xampp\htdocs\DentAssist\system\Database\BaseConnection.php(614): CodeIgniter\Database\BaseConnection->initialize()
#3 C:\xampp\htdocs\DentAssist\system\Database\BaseBuilder.php(1649): CodeIgniter\Database\BaseConnection->query('SELECT `employe...', Array, false)
#4 C:\xampp\htdocs\DentAssist\app\Controllers\AdminDashboard.php(24): CodeIgniter\Database\BaseBuilder->get()
#5 C:\xampp\htdocs\DentAssist\system\CodeIgniter.php(933): App\Controllers\AdminDashboard->index()
#6 C:\xampp\htdocs\DentAssist\system\CodeIgniter.php(507): CodeIgniter\CodeIgniter->runController(Object(App\Controllers\AdminDashboard))
#7 C:\xampp\htdocs\DentAssist\system\CodeIgniter.php(354): CodeIgniter\CodeIgniter->handleRequest(NULL, Object(Config\Cache), false)
#8 C:\xampp\htdocs\DentAssist\system\Boot.php(363): CodeIgniter\CodeIgniter->run()
#9 C:\xampp\htdocs\DentAssist\system\Boot.php(68): CodeIgniter\Boot::runCodeIgniter(Object(CodeIgniter\CodeIgniter))
#10 C:\xampp\htdocs\DentAssist\public\index.php(59): CodeIgniter\Boot::bootWeb(Object(Config\Paths))
#11 C:\xampp\htdocs\DentAssist\system\rewrite.php(44): require_once('C:\\xampp\\htdocs...')
#12 {main}

Next CodeIgniter\Database\Exceptions\DatabaseException: Access denied for user '****'@'localhost' (using password: YES) in C:\xampp\htdocs\DentAssist\system\Database\MySQLi\Connection.php:246
Stack trace:
#0 C:\xampp\htdocs\DentAssist\system\Database\BaseConnection.php(419): CodeIgniter\Database\MySQLi\Connection->connect(false)
#1 C:\xampp\htdocs\DentAssist\system\Database\BaseConnection.php(614): CodeIgniter\Database\BaseConnection->initialize()
#2 C:\xampp\htdocs\DentAssist\system\Database\BaseBuilder.php(1649): CodeIgniter\Database\BaseConnection->query('SELECT `employe...', Array, false)
#3 C:\xampp\htdocs\DentAssist\app\Controllers\AdminDashboard.php(24): CodeIgniter\Database\BaseBuilder->get()
#4 C:\xampp\htdocs\DentAssist\system\CodeIgniter.php(933): App\Controllers\AdminDashboard->index()
#5 C:\xampp\htdocs\DentAssist\system\CodeIgniter.php(507): CodeIgniter\CodeIgniter->runController(Object(App\Controllers\AdminDashboard))
#6 C:\xampp\htdocs\DentAssist\system\CodeIgniter.php(354): CodeIgniter\CodeIgniter->handleRequest(NULL, Object(Config\Cache), false)
#7 C:\xampp\htdocs\DentAssist\system\Boot.php(363): CodeIgniter\CodeIgniter->run()
#8 C:\xampp\htdocs\DentAssist\system\Boot.php(68): CodeIgniter\Boot::runCodeIgniter(Object(CodeIgniter\CodeIgniter))
#9 C:\xampp\htdocs\DentAssist\public\index.php(59): CodeIgniter\Boot::bootWeb(Object(Config\Paths))
#10 C:\xampp\htdocs\DentAssist\system\rewrite.php(44): require_once('C:\\xampp\\htdocs...')
#11 {main}
DEBUG - 2025-10-16 10:32:22 --> Session: Class initialized using 'CodeIgniter\Session\Handlers\FileHandler' driver.
DEBUG - 2025-10-16 10:32:24 --> Session: Class initialized using 'CodeIgniter\Session\Handlers\FileHandler' driver.
ERROR - 2025-10-16 10:32:24 --> Error connecting to the database: mysqli_sql_exception: Access denied for user 'root'@'localhost' (using password: YES) in C:\xampp\htdocs\DentAssist\system\Database\MySQLi\Connection.php:201
Stack trace:
#0 C:\xampp\htdocs\DentAssist\system\Database\MySQLi\Connection.php(201): mysqli->real_connect('localhost', 'root', Object(SensitiveParameterValue), 'dentassist_db', 3307, '', 0)
#1 C:\xampp\htdocs\DentAssist\system\Database\BaseConnection.php(419): CodeIgniter\Database\MySQLi\Connection->connect(false)
#2 C:\xampp\htdocs\DentAssist\system\Database\BaseConnection.php(614): CodeIgniter\Database\BaseConnection->initialize()
#3 C:\xampp\htdocs\DentAssist\system\Database\BaseBuilder.php(1649): CodeIgniter\Database\BaseConnection->query('SELECT `employe...', Array, false)
#4 C:\xampp\htdocs\DentAssist\app\Controllers\AdminDashboard.php(24): CodeIgniter\Database\BaseBuilder->get()
#5 C:\xampp\htdocs\DentAssist\system\CodeIgniter.php(933): App\Controllers\AdminDashboard->index()
#6 C:\xampp\htdocs\DentAssist\system\CodeIgniter.php(507): CodeIgniter\CodeIgniter->runController(Object(App\Controllers\AdminDashboard))
#7 C:\xampp\htdocs\DentAssist\system\CodeIgniter.php(354): CodeIgniter\CodeIgniter->handleRequest(NULL, Object(Config\Cache), false)
#8 C:\xampp\htdocs\DentAssist\system\Boot.php(363): CodeIgniter\CodeIgniter->run()
#9 C:\xampp\htdocs\DentAssist\system\Boot.php(68): CodeIgniter\Boot::runCodeIgniter(Object(CodeIgniter\CodeIgniter))
#10 C:\xampp\htdocs\DentAssist\public\index.php(59): CodeIgniter\Boot::bootWeb(Object(Config\Paths))
#11 C:\xampp\htdocs\DentAssist\system\rewrite.php(44): require_once('C:\\xampp\\htdocs...')
#12 {main}

Next CodeIgniter\Database\Exceptions\DatabaseException: Access denied for user '****'@'localhost' (using password: YES) in C:\xampp\htdocs\DentAssist\system\Database\MySQLi\Connection.php:246
Stack trace:
#0 C:\xampp\htdocs\DentAssist\system\Database\BaseConnection.php(419): CodeIgniter\Database\MySQLi\Connection->connect(false)
#1 C:\xampp\htdocs\DentAssist\system\Database\BaseConnection.php(614): CodeIgniter\Database\BaseConnection->initialize()
#2 C:\xampp\htdocs\DentAssist\system\Database\BaseBuilder.php(1649): CodeIgniter\Database\BaseConnection->query('SELECT `employe...', Array, false)
#3 C:\xampp\htdocs\DentAssist\app\Controllers\AdminDashboard.php(24): CodeIgniter\Database\BaseBuilder->get()
#4 C:\xampp\htdocs\DentAssist\system\CodeIgniter.php(933): App\Controllers\AdminDashboard->index()
#5 C:\xampp\htdocs\DentAssist\system\CodeIgniter.php(507): CodeIgniter\CodeIgniter->runController(Object(App\Controllers\AdminDashboard))
#6 C:\xampp\htdocs\DentAssist\system\CodeIgniter.php(354): CodeIgniter\CodeIgniter->handleRequest(NULL, Object(Config\Cache), false)
#7 C:\xampp\htdocs\DentAssist\system\Boot.php(363): CodeIgniter\CodeIgniter->run()
#8 C:\xampp\htdocs\DentAssist\system\Boot.php(68): CodeIgniter\Boot::runCodeIgniter(Object(CodeIgniter\CodeIgniter))
#9 C:\xampp\htdocs\DentAssist\public\index.php(59): CodeIgniter\Boot::bootWeb(Object(Config\Paths))
#10 C:\xampp\htdocs\DentAssist\system\rewrite.php(44): require_once('C:\\xampp\\htdocs...')
#11 {main}
DEBUG - 2025-10-16 10:34:42 --> Session: Class initialized using 'CodeIgniter\Session\Handlers\FileHandler' driver.
ERROR - 2025-10-16 10:34:42 --> Error connecting to the database: mysqli_sql_exception: Unknown database 'dentassist_db' in C:\xampp\htdocs\DentAssist\system\Database\MySQLi\Connection.php:201
Stack trace:
#0 C:\xampp\htdocs\DentAssist\system\Database\MySQLi\Connection.php(201): mysqli->real_connect('localhost', 'root', Object(SensitiveParameterValue), 'dentassist_db', 3307, '', 0)
#1 C:\xampp\htdocs\DentAssist\system\Database\BaseConnection.php(419): CodeIgniter\Database\MySQLi\Connection->connect(false)
#2 C:\xampp\htdocs\DentAssist\system\Database\BaseConnection.php(614): CodeIgniter\Database\BaseConnection->initialize()
#3 C:\xampp\htdocs\DentAssist\system\Database\BaseBuilder.php(1649): CodeIgniter\Database\BaseConnection->query('SELECT `employe...', Array, false)
#4 C:\xampp\htdocs\DentAssist\app\Controllers\AdminDashboard.php(24): CodeIgniter\Database\BaseBuilder->get()
#5 C:\xampp\htdocs\DentAssist\system\CodeIgniter.php(933): App\Controllers\AdminDashboard->index()
#6 C:\xampp\htdocs\DentAssist\system\CodeIgniter.php(507): CodeIgniter\CodeIgniter->runController(Object(App\Controllers\AdminDashboard))
#7 C:\xampp\htdocs\DentAssist\system\CodeIgniter.php(354): CodeIgniter\CodeIgniter->handleRequest(NULL, Object(Config\Cache), false)
#8 C:\xampp\htdocs\DentAssist\system\Boot.php(363): CodeIgniter\CodeIgniter->run()
#9 C:\xampp\htdocs\DentAssist\system\Boot.php(68): CodeIgniter\Boot::runCodeIgniter(Object(CodeIgniter\CodeIgniter))
#10 C:\xampp\htdocs\DentAssist\public\index.php(59): CodeIgniter\Boot::bootWeb(Object(Config\Paths))
#11 C:\xampp\htdocs\DentAssist\system\rewrite.php(44): require_once('C:\\xampp\\htdocs...')
#12 {main}

Next CodeIgniter\Database\Exceptions\DatabaseException: Unknown database 'dentassist_db' in C:\xampp\htdocs\DentAssist\system\Database\MySQLi\Connection.php:246
Stack trace:
#0 C:\xampp\htdocs\DentAssist\system\Database\BaseConnection.php(419): CodeIgniter\Database\MySQLi\Connection->connect(false)
#1 C:\xampp\htdocs\DentAssist\system\Database\BaseConnection.php(614): CodeIgniter\Database\BaseConnection->initialize()
#2 C:\xampp\htdocs\DentAssist\system\Database\BaseBuilder.php(1649): CodeIgniter\Database\BaseConnection->query('SELECT `employe...', Array, false)
#3 C:\xampp\htdocs\DentAssist\app\Controllers\AdminDashboard.php(24): CodeIgniter\Database\BaseBuilder->get()
#4 C:\xampp\htdocs\DentAssist\system\CodeIgniter.php(933): App\Controllers\AdminDashboard->index()
#5 C:\xampp\htdocs\DentAssist\system\CodeIgniter.php(507): CodeIgniter\CodeIgniter->runController(Object(App\Controllers\AdminDashboard))
#6 C:\xampp\htdocs\DentAssist\system\CodeIgniter.php(354): CodeIgniter\CodeIgniter->handleRequest(NULL, Object(Config\Cache), false)
#7 C:\xampp\htdocs\DentAssist\system\Boot.php(363): CodeIgniter\CodeIgniter->run()
#8 C:\xampp\htdocs\DentAssist\system\Boot.php(68): CodeIgniter\Boot::runCodeIgniter(Object(CodeIgniter\CodeIgniter))
#9 C:\xampp\htdocs\DentAssist\public\index.php(59): CodeIgniter\Boot::bootWeb(Object(Config\Paths))
#10 C:\xampp\htdocs\DentAssist\system\rewrite.php(44): require_once('C:\\xampp\\htdocs...')
#11 {main}
DEBUG - 2025-10-16 10:37:09 --> Session: Class initialized using 'CodeIgniter\Session\Handlers\FileHandler' driver.
ERROR - 2025-10-16 10:37:10 --> Error connecting to the database: mysqli_sql_exception: Access denied for user 'root'@'localhost' (using password: YES) in C:\xampp\htdocs\DentAssist\system\Database\MySQLi\Connection.php:201
Stack trace:
#0 C:\xampp\htdocs\DentAssist\system\Database\MySQLi\Connection.php(201): mysqli->real_connect('localhost', 'root', Object(SensitiveParameterValue), 'dentassist_db', 3307, '', 0)
#1 C:\xampp\htdocs\DentAssist\system\Database\BaseConnection.php(419): CodeIgniter\Database\MySQLi\Connection->connect(false)
#2 C:\xampp\htdocs\DentAssist\system\Database\BaseConnection.php(614): CodeIgniter\Database\BaseConnection->initialize()
#3 C:\xampp\htdocs\DentAssist\system\Database\BaseBuilder.php(1649): CodeIgniter\Database\BaseConnection->query('SELECT `employe...', Array, false)
#4 C:\xampp\htdocs\DentAssist\app\Controllers\AdminDashboard.php(24): CodeIgniter\Database\BaseBuilder->get()
#5 C:\xampp\htdocs\DentAssist\system\CodeIgniter.php(933): App\Controllers\AdminDashboard->index()
#6 C:\xampp\htdocs\DentAssist\system\CodeIgniter.php(507): CodeIgniter\CodeIgniter->runController(Object(App\Controllers\AdminDashboard))
#7 C:\xampp\htdocs\DentAssist\system\CodeIgniter.php(354): CodeIgniter\CodeIgniter->handleRequest(NULL, Object(Config\Cache), false)
#8 C:\xampp\htdocs\DentAssist\system\Boot.php(363): CodeIgniter\CodeIgniter->run()
#9 C:\xampp\htdocs\DentAssist\system\Boot.php(68): CodeIgniter\Boot::runCodeIgniter(Object(CodeIgniter\CodeIgniter))
#10 C:\xampp\htdocs\DentAssist\public\index.php(59): CodeIgniter\Boot::bootWeb(Object(Config\Paths))
#11 C:\xampp\htdocs\DentAssist\system\rewrite.php(44): require_once('C:\\xampp\\htdocs...')
#12 {main}

Next CodeIgniter\Database\Exceptions\DatabaseException: Access denied for user '****'@'localhost' (using password: YES) in C:\xampp\htdocs\DentAssist\system\Database\MySQLi\Connection.php:246
Stack trace:
#0 C:\xampp\htdocs\DentAssist\system\Database\BaseConnection.php(419): CodeIgniter\Database\MySQLi\Connection->connect(false)
#1 C:\xampp\htdocs\DentAssist\system\Database\BaseConnection.php(614): CodeIgniter\Database\BaseConnection->initialize()
#2 C:\xampp\htdocs\DentAssist\system\Database\BaseBuilder.php(1649): CodeIgniter\Database\BaseConnection->query('SELECT `employe...', Array, false)
#3 C:\xampp\htdocs\DentAssist\app\Controllers\AdminDashboard.php(24): CodeIgniter\Database\BaseBuilder->get()
#4 C:\xampp\htdocs\DentAssist\system\CodeIgniter.php(933): App\Controllers\AdminDashboard->index()
#5 C:\xampp\htdocs\DentAssist\system\CodeIgniter.php(507): CodeIgniter\CodeIgniter->runController(Object(App\Controllers\AdminDashboard))
#6 C:\xampp\htdocs\DentAssist\system\CodeIgniter.php(354): CodeIgniter\CodeIgniter->handleRequest(NULL, Object(Config\Cache), false)
#7 C:\xampp\htdocs\DentAssist\system\Boot.php(363): CodeIgniter\CodeIgniter->run()
#8 C:\xampp\htdocs\DentAssist\system\Boot.php(68): CodeIgniter\Boot::runCodeIgniter(Object(CodeIgniter\CodeIgniter))
#9 C:\xampp\htdocs\DentAssist\public\index.php(59): CodeIgniter\Boot::bootWeb(Object(Config\Paths))
#10 C:\xampp\htdocs\DentAssist\system\rewrite.php(44): require_once('C:\\xampp\\htdocs...')
#11 {main}
